// Jest Snapshot v1, https://goo.gl/fbAQLP

exports[`TodoList Component matchs no todos snapshot 1`] = `
"<ul class=\\"py-1\\">
  <li class=\\"text-sm text-gray-400 text-center py-2\\">
    There is nothing here. Add your first ToDo
  </li>
</ul>"
`;

exports[`TodoList Component matchs snapshot 1`] = `
"<ul class=\\"py-1\\">
  <todo-stub todo=\\"[object Object]\\"></todo-stub>
  <!---->
</ul>"
`;
